Result of COMET metric
test/newstest-2013/newstest-2013.es	Segment 0	score: 1.3068
test/newstest-2013/newstest-2013.es	Segment 1	score: 1.3287
test/newstest-2013/newstest-2013.es	score: 1.3178

Result of COMET metric
test/newstest-2013/newstest-2013.es	Segment 0	score: 1.3068
test/newstest-2013/newstest-2013.es	Segment 1	score: 1.3287
test/newstest-2013/newstest-2013.es	score: 1.3178

Result of COMET metric
test/newstest-2013/newstest-2013.es	Segment 0	score: 1.3068
test/newstest-2013/newstest-2013.es	Segment 1	score: 1.3287
test/newstest-2013/newstest-2013.es	score: 1.3178

Result of COMET metric
test/newstest-2013/newstest-2013.es	Segment 0	score: 1.3068
test/newstest-2013/newstest-2013.es	Segment 1	score: 1.3287
test/newstest-2013/newstest-2013.es	score: 1.3178

